
> supply-chain-control-tower@0.1.0 build
> next build

  Γû▓ Next.js 14.2.35
  - Environments: .env.local

   Creating an optimized production build ...
 Γ£ô Compiled successfully
   Linting and checking validity of types ...
node.exe : Failed to compile.
At line:1 char:1
+ & "C:\Program Files\nodejs/node.exe" "C:\Program Files\nodejs/node_mo ...
+ ~~~~~~~~~~~~~~~~~~~~~~~~~~~~~~~~~~~~~~~~~~~~~~~~~~~~~~~~~~~~~~~~~~~~~
    + CategoryInfo          : NotSpecified: (Failed to compile.:String) [], RemoteException
    + FullyQualifiedErrorId : NativeCommandError
 

./app/(app)/inventory/inventory-client.tsx:386:13
Type error: Type 'string' is not assignable to type '"Assembly" | "Warehouse" | "Service" | "Engineering"'.

[0m [90m 384 |[39m             criticality[33m:[39m item[33m.[39mcriticality[33m,[39m[0m
[0m [90m 385 |[39m             preferredVendor[33m:[39m item[33m.[39mpreferredVendor[33m,[39m[0m
[0m[31m[1m>[22m[39m[90m 386 |[39m             department[33m:[39m item[33m.[39mdepartment[33m,[39m[0m
[0m [90m     |[39m             [31m[1m^[22m[39m[0m
[0m [90m 387 |[39m           })[33m,[39m[0m
[0m [90m 388 |[39m         }))[0m
[0m [90m 389 |[39m         [33m.[39mfilter((item) [33m=>[39m {[0m
Next.js build worker exited with code: 1 and signal: null
